../Core/Src/menu.c:42:6:showTime	16	static
../Core/Src/menu.c:69:6:setTimeMenu	8	static
../Core/Src/menu.c:79:6:setAlarmMenu	8	static
../Core/Src/menu.c:86:6:showTemperature	8	static
../Core/Src/menu.c:95:6:showRH	8	static
../Core/Src/menu.c:104:6:showAlarm	8	static
../Core/Src/menu.c:33:6:showMainPage	8	static
../Core/Src/menu.c:110:6:initNewSymbols	8	static
../Core/Src/menu.c:117:6:setTime	24	static
../Core/Src/menu.c:168:6:chooseSettingValue	0	static
../Core/Src/menu.c:177:6:startTim1ForBlinkValue	0	static
