../Core/Src/stm32f1xx_it.c:64:6:HAL_TIM_PeriodElapsedCallback	8	static
../Core/Src/stm32f1xx_it.c:111:6:NMI_Handler	0	static
../Core/Src/stm32f1xx_it.c:126:6:HardFault_Handler	0	static
../Core/Src/stm32f1xx_it.c:141:6:MemManage_Handler	0	static
../Core/Src/stm32f1xx_it.c:156:6:BusFault_Handler	0	static
../Core/Src/stm32f1xx_it.c:171:6:UsageFault_Handler	0	static
../Core/Src/stm32f1xx_it.c:186:6:SVC_Handler	0	static
../Core/Src/stm32f1xx_it.c:199:6:DebugMon_Handler	0	static
../Core/Src/stm32f1xx_it.c:212:6:PendSV_Handler	0	static
../Core/Src/stm32f1xx_it.c:225:6:SysTick_Handler	0	static
../Core/Src/stm32f1xx_it.c:246:6:RTC_IRQHandler	0	static
../Core/Src/stm32f1xx_it.c:260:6:EXTI1_IRQHandler	0	static
../Core/Src/stm32f1xx_it.c:274:6:EXTI2_IRQHandler	0	static
../Core/Src/stm32f1xx_it.c:288:6:TIM1_UP_IRQHandler	0	static
../Core/Src/stm32f1xx_it.c:302:6:TIM3_IRQHandler	0	static
../Core/Src/stm32f1xx_it.c:316:6:TIM4_IRQHandler	0	static
