../Core/Src/stm32f1xx_it.c:66:6:HAL_TIM_PeriodElapsedCallback	16	static
../Core/Src/stm32f1xx_it.c:118:6:NMI_Handler	4	static
../Core/Src/stm32f1xx_it.c:133:6:HardFault_Handler	4	static
../Core/Src/stm32f1xx_it.c:148:6:MemManage_Handler	4	static
../Core/Src/stm32f1xx_it.c:163:6:BusFault_Handler	4	static
../Core/Src/stm32f1xx_it.c:178:6:UsageFault_Handler	4	static
../Core/Src/stm32f1xx_it.c:193:6:SVC_Handler	4	static
../Core/Src/stm32f1xx_it.c:206:6:DebugMon_Handler	4	static
../Core/Src/stm32f1xx_it.c:219:6:PendSV_Handler	4	static
../Core/Src/stm32f1xx_it.c:232:6:SysTick_Handler	8	static
../Core/Src/stm32f1xx_it.c:253:6:RTC_IRQHandler	8	static
../Core/Src/stm32f1xx_it.c:267:6:EXTI1_IRQHandler	8	static
../Core/Src/stm32f1xx_it.c:281:6:EXTI2_IRQHandler	8	static
../Core/Src/stm32f1xx_it.c:295:6:TIM1_UP_IRQHandler	8	static
../Core/Src/stm32f1xx_it.c:309:6:TIM3_IRQHandler	8	static
../Core/Src/stm32f1xx_it.c:323:6:TIM4_IRQHandler	8	static
